Using pre-set license
Built from '6000.0/staging' branch; Version is '6000.0.33f1 (433b0a79340b) revision 4406026'; Using compiler version '193933523'; Build Type 'Release'
OS: 'Windows 11  (10.0.22631) 64bit Professional' Language: 'ko' Physical Memory: 8033 MB
BatchMode: 1, IsHumanControllingUs: 0, StartBugReporterOnCrash: 0, Is64bit: 1, IsPro: 1

COMMAND LINE ARGUMENTS:
C:\Program Files\Unity\Hub\Editor\6000.0.33f1\Editor\Unity.exe
-adb2
-batchMode
-noUpm
-name
AssetImportWorker3
-projectPath
C:/Users/ABBA/Documents/GitHub/Back_End/Catch and Tame
-logFile
Logs/AssetImportWorker3.log
-srvPort
59516
-job-worker-count
5
-background-job-worker-count
8
-gc-helper-count
1
Successfully changed project path to: C:/Users/ABBA/Documents/GitHub/Back_End/Catch and Tame
C:/Users/ABBA/Documents/GitHub/Back_End/Catch and Tame
[UnityMemory] Configuration Parameters - Can be set up in boot.config
    "memorysetup-bucket-allocator-granularity=16"
    "memorysetup-bucket-allocator-bucket-count=8"
    "memorysetup-bucket-allocator-block-size=33554432"
    "memorysetup-bucket-allocator-block-count=8"
    "memorysetup-main-allocator-block-size=16777216"
    "memorysetup-thread-allocator-block-size=16777216"
    "memorysetup-gfx-main-allocator-block-size=16777216"
    "memorysetup-gfx-thread-allocator-block-size=16777216"
    "memorysetup-cache-allocator-block-size=4194304"
    "memorysetup-typetree-allocator-block-size=2097152"
    "memorysetup-profiler-bucket-allocator-granularity=16"
    "memorysetup-profiler-bucket-allocator-bucket-count=8"
    "memorysetup-profiler-bucket-allocator-block-size=33554432"
    "memorysetup-profiler-bucket-allocator-block-count=8"
    "memorysetup-profiler-allocator-block-size=16777216"
    "memorysetup-profiler-editor-allocator-block-size=1048576"
    "memorysetup-temp-allocator-size-main=16777216"
    "memorysetup-job-temp-allocator-block-size=2097152"
    "memorysetup-job-temp-allocator-block-size-background=1048576"
    "memorysetup-job-temp-allocator-reduction-small-platforms=262144"
    "memorysetup-allocator-temp-initial-block-size-main=262144"
    "memorysetup-allocator-temp-initial-block-size-worker=262144"
    "memorysetup-temp-allocator-size-background-worker=32768"
    "memorysetup-temp-allocator-size-job-worker=262144"
    "memorysetup-temp-allocator-size-preload-manager=33554432"
    "memorysetup-temp-allocator-size-nav-mesh-worker=65536"
    "memorysetup-temp-allocator-size-audio-worker=65536"
    "memorysetup-temp-allocator-size-cloud-worker=32768"
    "memorysetup-temp-allocator-size-gi-baking-worker=262144"
    "memorysetup-temp-allocator-size-gi-baking-worker=262144"
    "memorysetup-temp-allocator-size-gi-baking-worker=262144"
    "memorysetup-temp-allocator-size-gi-baking-worker=262144"
    "memorysetup-temp-allocator-size-gi-baking-worker=262144"
    "memorysetup-temp-allocator-size-gfx=262144"
Player connection [17012]  Target information:

Player connection [17012]  * "[IP] 192.168.123.65 [Port] 0 [Flags] 2 [Guid] 996075923 [EditorId] 996075923 [Version] 1048832 [Id] WindowsEditor(7,DESKTOP-4I4QUBN) [Debug] 1 [PackageName] WindowsEditor [ProjectName] Editor" 

Player connection [17012] Host joined multi-casting on [225.0.0.222:54997]...
Player connection [17012] Host joined alternative multi-casting on [225.0.0.222:34997]...
JobSystem: Creating JobQueue using job-worker-count value 5
[Physics::Module] Initialized fallback backend.
[Physics::Module] Id: 0xdecafbad
Library Redirect Path: Library/
[Physics::Module] Selected backend.
[Physics::Module] Name: PhysX
[Physics::Module] Id: 0xf2b8ea05
[Physics::Module] SDK Version: 4.1.2
[Physics::Module] Integration Version: 1.0.0
[Physics::Module] Threading Mode: Multi-Threaded
Refreshing native plugins compatible for Editor in 10.78 ms, found 6 plugins.
Preloading 0 native plugins for Editor in 0.00 ms.
Initialize engine version: 6000.0.33f1 (433b0a79340b)
[Subsystems] Discovering subsystems at path C:/Program Files/Unity/Hub/Editor/6000.0.33f1/Editor/Data/Resources/UnitySubsystems
[Subsystems] Discovering subsystems at path C:/Users/ABBA/Documents/GitHub/Back_End/Catch and Tame/Assets
GfxDevice: creating device client; kGfxThreadingModeNonThreaded
Direct3D:
    Version:  Direct3D 11.0 [level 11.1]
    Renderer: NVIDIA GeForce RTX 3060 (ID=0x2504)
    Vendor:   NVIDIA
    VRAM:     12113 MB
    Driver:   32.0.16.1062
Initialize mono
Mono path[0] = 'C:/Program Files/Unity/Hub/Editor/6000.0.33f1/Editor/Data/Managed'
Mono path[1] = 'C:/Program Files/Unity/Hub/Editor/6000.0.33f1/Editor/Data/MonoBleedingEdge/lib/mono/unityjit-win32'
Mono config path = 'C:/Program Files/Unity/Hub/Editor/6000.0.33f1/Editor/Data/MonoBleedingEdge/etc'
Using monoOptions --debugger-agent=transport=dt_socket,embedding=1,server=y,suspend=n,address=127.0.0.1:56500
Begin MonoManager ReloadAssembly
Registering precompiled unity dll's ...
Register platform support module: C:/Program Files/Unity/Hub/Editor/6000.0.33f1/Editor/Data/PlaybackEngines/WindowsStandaloneSupport/UnityEditor.WindowsStandalone.Extensions.dll
Register platform support module: C:/Program Files/Unity/Hub/Editor/6000.0.33f1/Editor/Data/PlaybackEngines/AndroidPlayer/UnityEditor.Android.Extensions.dll
Register platform support module: C:/Program Files/Unity/Hub/Editor/6000.0.33f1/Editor/Data/PlaybackEngines/iOSSupport/UnityEditor.iOS.Extensions.dll
Registered in 0.010264 seconds.
- Loaded All Assemblies, in  0.587 seconds
[usbmuxd] Start listen thread
[usbmuxd] Listen thread started
Native extension for iOS target not found
Native extension for Android target not found
Android Extension - Scanning For ADB Devices 355 ms
Native extension for WindowsStandalone target not found
Mono: successfully reloaded assembly
- Finished resetting the current domain, in  0.705 seconds
Domain Reload Profiling: 1288ms
	BeginReloadAssembly (255ms)
		ExecutionOrderSort (0ms)
		DisableScriptedObjects (0ms)
		BackupInstance (0ms)
		ReleaseScriptingObjects (0ms)
		CreateAndSetChildDomain (1ms)
	RebuildCommonClasses (53ms)
	RebuildNativeTypeToScriptingClass (12ms)
	initialDomainReloadingComplete (84ms)
	LoadAllAssembliesAndSetupDomain (180ms)
		LoadAssemblies (251ms)
		RebuildTransferFunctionScriptingTraits (0ms)
		AnalyzeDomain (174ms)
			TypeCache.Refresh (172ms)
				TypeCache.ScanAssembly (151ms)
			BuildScriptInfoCaches (0ms)
			ResolveRequiredComponents (1ms)
	FinalizeReload (705ms)
		ReleaseScriptCaches (0ms)
		RebuildScriptCaches (0ms)
		SetupLoadedEditorAssemblies (667ms)
			LogAssemblyErrors (0ms)
			InitializePlatformSupportModulesInManaged (451ms)
			SetLoadedEditorAssemblies (3ms)
			BeforeProcessingInitializeOnLoad (40ms)
			ProcessInitializeOnLoadAttributes (112ms)
			ProcessInitializeOnLoadMethodAttributes (60ms)
			AfterProcessingInitializeOnLoad (0ms)
			EditorAssembliesLoaded (0ms)
		ExecutionOrderSort2 (0ms)
		AwakeInstancesAfterBackupRestoration (0ms)
Assembly reference Packages/com.unity.cinemachine/Editor/Samples/ExposeHDRPInternals/HDRP-Editor-ref.asmref has no target assembly definition
========================================================================
Worker process is ready to serve import requests
Import Worker Mode flag is 0x00
Assembly reference Packages/com.unity.cinemachine/Editor/Samples/ExposeHDRPInternals/HDRP-Editor-ref.asmref has no target assembly definition
Assembly reference Packages/com.unity.cinemachine/Editor/Samples/ExposeHDRPInternals/HDRP-Editor-ref.asmref has no target assembly definition
Begin MonoManager ReloadAssembly
- Loaded All Assemblies, in  1.250 seconds
<color>[FusionEditor/Import]</color> Can't update custom dependencies in a worker process (Fusion/NetworkObjectPostprocessor)
UnityEngine.Debug:ExtractStackTraceNoAlloc (byte*,int,string)
UnityEngine.StackTraceUtility:ExtractStackTrace ()
UnityEngine.DebugLogHandler:Internal_Log (UnityEngine.LogType,UnityEngine.LogOption,string,UnityEngine.Object)
UnityEngine.DebugLogHandler:LogFormat (UnityEngine.LogType,UnityEngine.Object,string,object[])
UnityEngine.Logger:Log (UnityEngine.LogType,object)
UnityEngine.Debug:LogError (object)
Fusion.FusionEditorLog:ErrorImport (string)
Fusion.Editor.FusionCustomDependency:Refresh (bool) (at Assets/Photon/Fusion/Editor/Fusion.Unity.Editor.cs:5007)
Fusion.Editor.NetworkObjectPostprocessor:.cctor () (at Assets/Photon/Fusion/Editor/Fusion.Unity.Editor.cs:17113)
System.Reflection.RuntimeConstructorInfo:InternalInvoke (object,object[],bool)
System.RuntimeType:CreateInstanceMono (bool,bool)
System.RuntimeType:CreateInstanceSlow (bool,bool,bool,bool)
System.RuntimeType:CreateInstanceDefaultCtor (bool,bool,bool,bool,System.Threading.StackCrawlMark&)
System.Activator:CreateInstance (System.Type,bool,bool)
System.Activator:CreateInstance (System.Type,bool)
System.Activator:CreateInstance (System.Type)
UnityEditor.AssetPostprocessor/PostprocessorInfo:.ctor (System.Type,string[])
UnityEditor.AssetPostprocessingInternal:GetSortedPostprocessorTypes (System.Type,System.Collections.Generic.Dictionary`2<System.Type, string[]>,string[],System.Collections.Generic.Dictionary`2<System.Type, System.Collections.Generic.SortedSet`1<UnityEditor.AssetPostprocessor/PostprocessorInfo>>)
UnityEditor.AssetPostprocessingInternal:GetSortedStaticPostprocessorTypes (System.Type)
UnityEditor.AssetPostprocessingInternal:GetPrefabProcessorsHashString ()

(Filename: Assets/Photon/Fusion/Editor/Fusion.Unity.Editor.cs Line: 5007)

Assembly reference Packages/com.unity.cinemachine/Editor/Samples/ExposeHDRPInternals/HDRP-Editor-ref.asmref has no target assembly definition
'Packages/com.unity.cinemachine/Editor/Obsolete/CinemachineVirtualCameraBaseEditor.cs' contains partial class of Unity.Object, exactly 1 of the partial classes needs to be in a file with the same filename. This is to know the one that can be referenced from ie. GameObjects
'Packages/com.unity.cinemachine/Editor/Editors/CinemachineVirtualCameraBaseEditor.cs' contains partial class of Unity.Object, exactly 1 of the partial classes needs to be in a file with the same filename. This is to know the one that can be referenced from ie. GameObjects
Refreshing native plugins compatible for Editor in 7.17 ms, found 6 plugins.
Native extension for iOS target not found
Native extension for Android target not found
Native extension for WindowsStandalone target not found
Assembly reference Packages/com.unity.cinemachine/Editor/Samples/ExposeHDRPInternals/HDRP-Editor-ref.asmref has no target assembly definition
Package Manager log level set to [2]
[Package Manager] Failed to launch server process. Reason: Unity was launched with the -noUpm command-line argument
[Package Manager] Unable to send message (not connected to server process).
[Package Manager] Cannot connect to Unity Package Manager local server
Refreshing native plugins compatible for Editor in 9.20 ms, found 6 plugins.
Mono: successfully reloaded assembly
- Finished resetting the current domain, in  0.961 seconds
Domain Reload Profiling: 2205ms
	BeginReloadAssembly (177ms)
		ExecutionOrderSort (0ms)
		DisableScriptedObjects (5ms)
		BackupInstance (0ms)
		ReleaseScriptingObjects (0ms)
		CreateAndSetChildDomain (26ms)
	RebuildCommonClasses (37ms)
	RebuildNativeTypeToScriptingClass (12ms)
	initialDomainReloadingComplete (70ms)
	LoadAllAssembliesAndSetupDomain (947ms)
		LoadAssemblies (698ms)
		RebuildTransferFunctionScriptingTraits (0ms)
		AnalyzeDomain (369ms)
			TypeCache.Refresh (251ms)
				TypeCache.ScanAssembly (230ms)
			BuildScriptInfoCaches (101ms)
			ResolveRequiredComponents (14ms)
	FinalizeReload (962ms)
		ReleaseScriptCaches (0ms)
		RebuildScriptCaches (0ms)
		SetupLoadedEditorAssemblies (788ms)
			LogAssemblyErrors (0ms)
			InitializePlatformSupportModulesInManaged (17ms)
			SetLoadedEditorAssemblies (5ms)
			BeforeProcessingInitializeOnLoad (128ms)
			ProcessInitializeOnLoadAttributes (486ms)
			ProcessInitializeOnLoadMethodAttributes (148ms)
			AfterProcessingInitializeOnLoad (5ms)
			EditorAssembliesLoaded (0ms)
		ExecutionOrderSort2 (0ms)
		AwakeInstancesAfterBackupRestoration (9ms)
Launched and connected shader compiler UnityShaderCompiler.exe after 0.02 seconds
Refreshing native plugins compatible for Editor in 8.83 ms, found 6 plugins.
Preloading 0 native plugins for Editor in 0.00 ms.
Unloading 226 Unused Serialized files (Serialized files now loaded: 0)
Unloading 7661 unused Assets / (4.8 MB). Loaded Objects now: 8368.
Memory consumption went from 193.1 MB to 188.3 MB.
Total: 12.319900 ms (FindLiveObjects: 1.724500 ms CreateObjectMapping: 0.580400 ms MarkObjects: 7.508300 ms  DeleteObjects: 2.505000 ms)

========================================================================
Received Import Request.
  Time since last request: 371264.857392 seconds.
  path: Assets/Full Game Pack/Sprites/Plants/Apple_02.png
  artifactKey: Guid(cacd6a63a78f4a44096add678650a62a) Importer(815301076,1909f56bfc062723c751e8b465ee728b)
Start importing Assets/Full Game Pack/Sprites/Plants/Apple_02.png using Guid(cacd6a63a78f4a44096add678650a62a) Importer(815301076,1909f56bfc062723c751e8b465ee728b) (PreviewImporter) -> (artifact id: '78712042a670214230db898133970497') in 0.1204397 seconds
Number of updated asset objects reloaded before import = 0Number of asset objects unloaded after import = 3

========================================================================
Received Import Request.
  Time since last request: 0.000026 seconds.
  path: Assets/Full Game Pack/Sprites/Plants/Plant_02.png
  artifactKey: Guid(51864b5a5c0bc574eab268b11f7eb762) Importer(815301076,1909f56bfc062723c751e8b465ee728b)
Start importing Assets/Full Game Pack/Sprites/Plants/Plant_02.png using Guid(51864b5a5c0bc574eab268b11f7eb762) Importer(815301076,1909f56bfc062723c751e8b465ee728b) (PreviewImporter) -> (artifact id: '620418d819dbad8a392c7e51d062d20c') in 0.0249214 seconds
Number of updated asset objects reloaded before import = 0Number of asset objects unloaded after import = 3

========================================================================
Received Import Request.
  Time since last request: 0.000030 seconds.
  path: Assets/Full Game Pack/Sprites/Plants/Grass_2.png
  artifactKey: Guid(e81c6a922a69fd04eab2173b6fa8b1fa) Importer(815301076,1909f56bfc062723c751e8b465ee728b)
Start importing Assets/Full Game Pack/Sprites/Plants/Grass_2.png using Guid(e81c6a922a69fd04eab2173b6fa8b1fa) Importer(815301076,1909f56bfc062723c751e8b465ee728b) (PreviewImporter) -> (artifact id: 'cd814f77b54280739b4ef79158e21613') in 0.0204676 seconds
Number of updated asset objects reloaded before import = 0Number of asset objects unloaded after import = 3

========================================================================
Received Import Request.
  Time since last request: 0.000025 seconds.
  path: Assets/Full Game Pack/Sprites/Plants/Tree_6.png
  artifactKey: Guid(9da56343da18ee6408bea35f7c05b2c7) Importer(815301076,1909f56bfc062723c751e8b465ee728b)
Start importing Assets/Full Game Pack/Sprites/Plants/Tree_6.png using Guid(9da56343da18ee6408bea35f7c05b2c7) Importer(815301076,1909f56bfc062723c751e8b465ee728b) (PreviewImporter) -> (artifact id: '05a10db360f1033522d064106608e3dd') in 0.0184687 seconds
Number of updated asset objects reloaded before import = 0Number of asset objects unloaded after import = 3

========================================================================
Received Import Request.
  Time since last request: 0.000014 seconds.
  path: Assets/Full Game Pack/Sprites/Plants/Kiwi.png
  artifactKey: Guid(9b311e74112305a41bd87e7a8041dbf6) Importer(815301076,1909f56bfc062723c751e8b465ee728b)
Start importing Assets/Full Game Pack/Sprites/Plants/Kiwi.png using Guid(9b311e74112305a41bd87e7a8041dbf6) Importer(815301076,1909f56bfc062723c751e8b465ee728b) (PreviewImporter) -> (artifact id: 'a8142f12022793ab748658b5b88a5593') in 0.0174809 seconds
Number of updated asset objects reloaded before import = 0Number of asset objects unloaded after import = 3

========================================================================
Received Import Request.
  Time since last request: 0.000016 seconds.
  path: Assets/Full Game Pack/Sprites/Plants/Plant_03.png
  artifactKey: Guid(f95b89db97f0aa04a9284e862322e442) Importer(815301076,1909f56bfc062723c751e8b465ee728b)
Start importing Assets/Full Game Pack/Sprites/Plants/Plant_03.png using Guid(f95b89db97f0aa04a9284e862322e442) Importer(815301076,1909f56bfc062723c751e8b465ee728b) (PreviewImporter) -> (artifact id: 'b10381fa8a45181ce8ad1e46281a0bcb') in 0.0213974 seconds
Number of updated asset objects reloaded before import = 0Number of asset objects unloaded after import = 3

========================================================================
Received Import Request.
  Time since last request: 0.000019 seconds.
  path: Assets/Full Game Pack/Sprites/Plants/Tree_10.png
  artifactKey: Guid(1d7a262efd6f09a49b15f70df007e615) Importer(815301076,1909f56bfc062723c751e8b465ee728b)
Start importing Assets/Full Game Pack/Sprites/Plants/Tree_10.png using Guid(1d7a262efd6f09a49b15f70df007e615) Importer(815301076,1909f56bfc062723c751e8b465ee728b) (PreviewImporter) -> (artifact id: '92abe39a31f0d1f2e9b752c9b5670f80') in 0.0236348 seconds
Number of updated asset objects reloaded before import = 0Number of asset objects unloaded after import = 3

========================================================================
Received Import Request.
  Time since last request: 0.000022 seconds.
  path: Assets/Full Game Pack/Sprites/Plants/Wattermelon.png
  artifactKey: Guid(4fbf04f7802cc9940a127106dcf26657) Importer(815301076,1909f56bfc062723c751e8b465ee728b)
Start importing Assets/Full Game Pack/Sprites/Plants/Wattermelon.png using Guid(4fbf04f7802cc9940a127106dcf26657) Importer(815301076,1909f56bfc062723c751e8b465ee728b) (PreviewImporter) -> (artifact id: '2caf94da96a3482fcebaf93eff2e95d4') in 0.0159228 seconds
Number of updated asset objects reloaded before import = 0Number of asset objects unloaded after import = 3

========================================================================
Received Import Request.
  Time since last request: 0.000047 seconds.
  path: Assets/Full Game Pack/Sprites/Plants/Tree_1.png
  artifactKey: Guid(46a364379e5e6054ab3c5d17c27c58eb) Importer(815301076,1909f56bfc062723c751e8b465ee728b)
Start importing Assets/Full Game Pack/Sprites/Plants/Tree_1.png using Guid(46a364379e5e6054ab3c5d17c27c58eb) Importer(815301076,1909f56bfc062723c751e8b465ee728b) (PreviewImporter) -> (artifact id: 'd1060d7be382ba01ac68ffd7efb0ca1c') in 0.0257003 seconds
Number of updated asset objects reloaded before import = 0Number of asset objects unloaded after import = 3

========================================================================
Received Import Request.
  Time since last request: 0.000021 seconds.
  path: Assets/Full Game Pack/Sprites/Plants/Grass_1.png
  artifactKey: Guid(e3fd63f0595b0db48a28c6d57948e498) Importer(815301076,1909f56bfc062723c751e8b465ee728b)
Start importing Assets/Full Game Pack/Sprites/Plants/Grass_1.png using Guid(e3fd63f0595b0db48a28c6d57948e498) Importer(815301076,1909f56bfc062723c751e8b465ee728b) (PreviewImporter) -> (artifact id: '840fc0b8c0f27995423d51d04f98b94e') in 0.0208555 seconds
Number of updated asset objects reloaded before import = 0Number of asset objects unloaded after import = 3

========================================================================
Received Import Request.
  Time since last request: 0.000019 seconds.
  path: Assets/Full Game Pack/Sprites/Plants/Plant_01.png
  artifactKey: Guid(81d062b9eed1e0143b6beac28345cdda) Importer(815301076,1909f56bfc062723c751e8b465ee728b)
Start importing Assets/Full Game Pack/Sprites/Plants/Plant_01.png using Guid(81d062b9eed1e0143b6beac28345cdda) Importer(815301076,1909f56bfc062723c751e8b465ee728b) (PreviewImporter) -> (artifact id: 'e8d9ffa932c5608ccaddcb5478b35aaf') in 0.0186365 seconds
Number of updated asset objects reloaded before import = 0Number of asset objects unloaded after import = 3

Editor requested this worker to shutdown with reason: Scaling down because of idle timeout
AssetImportWorker is now disconnected from the server
Process exiting
Exiting without the bug reporter. Application will terminate with return code 0